Archive member included to satisfy reference by file (symbol)

/usr/lib/gcc/avr/5.4.0/avr6/libgcc.a(_divmodhi4.o)
                              mylcd.o (__divmodhi4)
/usr/lib/gcc/avr/5.4.0/avr6/libgcc.a(_exit.o)
                              /usr/lib/gcc/avr/5.4.0/../../../avr/lib/avr6/crtatmega2560.o (exit)
/usr/lib/gcc/avr/5.4.0/avr6/libgcc.a(_copy_data.o)
                              mylcd.o (__do_copy_data)
/usr/lib/gcc/avr/5.4.0/avr6/libgcc.a(_udivmodhi4.o)
                              /usr/lib/gcc/avr/5.4.0/avr6/libgcc.a(_divmodhi4.o) (__udivmodhi4)

Discarded input sections

 .group         0x0000000000000000        0x8 mylcd.o
 .group         0x0000000000000000        0x8 mylcd.o
 .group         0x0000000000000000        0x8 mylcd.o
 .group         0x0000000000000000        0x8 mylcd.o

Memory Configuration

Name             Origin             Length             Attributes
text             0x0000000000000000 0x0000000000100000 xr
data             0x0000000000800200 0x000000000000fe00 rw !x
eeprom           0x0000000000810000 0x0000000000010000 rw !x
fuse             0x0000000000820000 0x0000000000000003 rw !x
lock             0x0000000000830000 0x0000000000000400 rw !x
signature        0x0000000000840000 0x0000000000000400 rw !x
user_signatures  0x0000000000850000 0x0000000000000400 rw !x
*default*        0x0000000000000000 0xffffffffffffffff

Linker script and memory map

Address of section .data set to 0x800200
LOAD /usr/lib/gcc/avr/5.4.0/../../../avr/lib/avr6/crtatmega2560.o
LOAD mylcd.o
LOAD /usr/lib/gcc/avr/5.4.0/../../../avr/lib/avr6/libm.a
START GROUP
LOAD /usr/lib/gcc/avr/5.4.0/avr6/libgcc.a
LOAD /usr/lib/gcc/avr/5.4.0/../../../avr/lib/avr6/libm.a
LOAD /usr/lib/gcc/avr/5.4.0/../../../avr/lib/avr6/libc.a
LOAD /usr/lib/gcc/avr/5.4.0/../../../avr/lib/avr6/libatmega2560.a
END GROUP
                0x0000000000100000                __TEXT_REGION_LENGTH__ = DEFINED (__TEXT_REGION_LENGTH__)?__TEXT_REGION_LENGTH__:0x100000
                0x000000000000fe00                __DATA_REGION_LENGTH__ = DEFINED (__DATA_REGION_LENGTH__)?__DATA_REGION_LENGTH__:0xfe00
                0x0000000000010000                __EEPROM_REGION_LENGTH__ = DEFINED (__EEPROM_REGION_LENGTH__)?__EEPROM_REGION_LENGTH__:0x10000
                [0x0000000000000003]                __FUSE_REGION_LENGTH__ = DEFINED (__FUSE_REGION_LENGTH__)?__FUSE_REGION_LENGTH__:0x400
                0x0000000000000400                __LOCK_REGION_LENGTH__ = DEFINED (__LOCK_REGION_LENGTH__)?__LOCK_REGION_LENGTH__:0x400
                0x0000000000000400                __SIGNATURE_REGION_LENGTH__ = DEFINED (__SIGNATURE_REGION_LENGTH__)?__SIGNATURE_REGION_LENGTH__:0x400
                0x0000000000000400                __USER_SIGNATURE_REGION_LENGTH__ = DEFINED (__USER_SIGNATURE_REGION_LENGTH__)?__USER_SIGNATURE_REGION_LENGTH__:0x400

.hash
 *(.hash)

.dynsym
 *(.dynsym)

.dynstr
 *(.dynstr)

.gnu.version
 *(.gnu.version)

.gnu.version_d
 *(.gnu.version_d)

.gnu.version_r
 *(.gnu.version_r)

.rel.init
 *(.rel.init)

.rela.init
 *(.rela.init)

.rel.text
 *(.rel.text)
 *(.rel.text.*)
 *(.rel.gnu.linkonce.t*)

.rela.text
 *(.rela.text)
 *(.rela.text.*)
 *(.rela.gnu.linkonce.t*)

.rel.fini
 *(.rel.fini)

.rela.fini
 *(.rela.fini)

.rel.rodata
 *(.rel.rodata)
 *(.rel.rodata.*)
 *(.rel.gnu.linkonce.r*)

.rela.rodata
 *(.rela.rodata)
 *(.rela.rodata.*)
 *(.rela.gnu.linkonce.r*)

.rel.data
 *(.rel.data)
 *(.rel.data.*)
 *(.rel.gnu.linkonce.d*)

.rela.data
 *(.rela.data)
 *(.rela.data.*)
 *(.rela.gnu.linkonce.d*)

.rel.ctors
 *(.rel.ctors)

.rela.ctors
 *(.rela.ctors)

.rel.dtors
 *(.rel.dtors)

.rela.dtors
 *(.rela.dtors)

.rel.got
 *(.rel.got)

.rela.got
 *(.rela.got)

.rel.bss
 *(.rel.bss)

.rela.bss
 *(.rela.bss)

.rel.plt
 *(.rel.plt)

.rela.plt
 *(.rela.plt)

.text           0x0000000000000000      0x41a
 *(.vectors)
 .vectors       0x0000000000000000       0xe4 /usr/lib/gcc/avr/5.4.0/../../../avr/lib/avr6/crtatmega2560.o
                0x0000000000000000                __vectors
                0x0000000000000000                __vector_default
 *(.vectors)
 *(.progmem.gcc*)
                0x00000000000000e4                . = ALIGN (0x2)
                0x00000000000000e4                __trampolines_start = .
 *(.trampolines)
 .trampolines   0x00000000000000e4        0x0 linker stubs
 *(.trampolines*)
                0x00000000000000e4                __trampolines_end = .
 *libprintf_flt.a:*(.progmem.data)
 *libc.a:*(.progmem.data)
 *(.progmem*)
                0x00000000000000e4                . = ALIGN (0x2)
 *(.jumptables)
 *(.jumptables*)
 *(.lowtext)
 *(.lowtext*)
                0x00000000000000e4                __ctors_start = .
 *(.ctors)
                0x00000000000000e4                __ctors_end = .
                0x00000000000000e4                __dtors_start = .
 *(.dtors)
                0x00000000000000e4                __dtors_end = .
 SORT(*)(.ctors)
 SORT(*)(.dtors)
 *(.init0)
 .init0         0x00000000000000e4        0x0 /usr/lib/gcc/avr/5.4.0/../../../avr/lib/avr6/crtatmega2560.o
                0x00000000000000e4                __init
 *(.init0)
 *(.init1)
 *(.init1)
 *(.init2)
 .init2         0x00000000000000e4       0x10 /usr/lib/gcc/avr/5.4.0/../../../avr/lib/avr6/crtatmega2560.o
 *(.init2)
 *(.init3)
 *(.init3)
 *(.init4)
 .init4         0x00000000000000f4       0x1a /usr/lib/gcc/avr/5.4.0/avr6/libgcc.a(_copy_data.o)
                0x00000000000000f4                __do_copy_data
 *(.init4)
 *(.init5)
 *(.init5)
 *(.init6)
 *(.init6)
 *(.init7)
 *(.init7)
 *(.init8)
 *(.init8)
 *(.init9)
 .init9         0x000000000000010e        0x8 /usr/lib/gcc/avr/5.4.0/../../../avr/lib/avr6/crtatmega2560.o
 *(.init9)
 *(.text)
 .text          0x0000000000000116        0x4 /usr/lib/gcc/avr/5.4.0/../../../avr/lib/avr6/crtatmega2560.o
                0x0000000000000116                __vector_38
                0x0000000000000116                __vector_22
                0x0000000000000116                __vector_28
                0x0000000000000116                __vector_1
                0x0000000000000116                __vector_32
                0x0000000000000116                __vector_34
                0x0000000000000116                __vector_24
                0x0000000000000116                __vector_12
                0x0000000000000116                __vector_55
                0x0000000000000116                __vector_46
                0x0000000000000116                __bad_interrupt
                0x0000000000000116                __vector_6
                0x0000000000000116                __vector_31
                0x0000000000000116                __vector_35
                0x0000000000000116                __vector_39
                0x0000000000000116                __vector_3
                0x0000000000000116                __vector_23
                0x0000000000000116                __vector_30
                0x0000000000000116                __vector_45
                0x0000000000000116                __vector_25
                0x0000000000000116                __vector_11
                0x0000000000000116                __vector_54
                0x0000000000000116                __vector_13
                0x0000000000000116                __vector_17
                0x0000000000000116                __vector_19
                0x0000000000000116                __vector_56
                0x0000000000000116                __vector_7
                0x0000000000000116                __vector_49
                0x0000000000000116                __vector_41
                0x0000000000000116                __vector_43
                0x0000000000000116                __vector_27
                0x0000000000000116                __vector_5
                0x0000000000000116                __vector_33
                0x0000000000000116                __vector_47
                0x0000000000000116                __vector_52
                0x0000000000000116                __vector_37
                0x0000000000000116                __vector_4
                0x0000000000000116                __vector_44
                0x0000000000000116                __vector_51
                0x0000000000000116                __vector_9
                0x0000000000000116                __vector_2
                0x0000000000000116                __vector_21
                0x0000000000000116                __vector_15
                0x0000000000000116                __vector_36
                0x0000000000000116                __vector_29
                0x0000000000000116                __vector_40
                0x0000000000000116                __vector_8
                0x0000000000000116                __vector_26
                0x0000000000000116                __vector_48
                0x0000000000000116                __vector_14
                0x0000000000000116                __vector_53
                0x0000000000000116                __vector_10
                0x0000000000000116                __vector_50
                0x0000000000000116                __vector_16
                0x0000000000000116                __vector_18
                0x0000000000000116                __vector_20
                0x0000000000000116                __vector_42
 .text          0x000000000000011a       0x14 mylcd.o
                0x000000000000011a                _Z11delay100us8h
 .text          0x000000000000012e        0x0 /usr/lib/gcc/avr/5.4.0/avr6/libgcc.a(_divmodhi4.o)
 .text          0x000000000000012e        0x0 /usr/lib/gcc/avr/5.4.0/avr6/libgcc.a(_exit.o)
 .text          0x000000000000012e        0x0 /usr/lib/gcc/avr/5.4.0/avr6/libgcc.a(_copy_data.o)
 .text          0x000000000000012e        0x0 /usr/lib/gcc/avr/5.4.0/avr6/libgcc.a(_udivmodhi4.o)
                0x000000000000012e                . = ALIGN (0x2)
 *(.text.*)
 .text._ZN6avrlib3pinINS_5portbELi7EE3setEb
                0x000000000000012e        0xc mylcd.o
                0x000000000000012e                _ZN6avrlib3pinINS_5portbELi7EE3setEb
 .text._ZN7HD44780IN6avrlib3pinINS0_5portbELi6EEENS1_IS2_Li5EEENS1_INS0_5porteELi3EEENS1_INS0_5portgELi5EEENS1_IS5_Li5EEENS1_IS5_Li4EEEE8sendHalfEh
                0x000000000000013a       0x2e mylcd.o
                0x000000000000013a                _ZN7HD44780IN6avrlib3pinINS0_5portbELi6EEENS1_IS2_Li5EEENS1_INS0_5porteELi3EEENS1_INS0_5portgELi5EEENS1_IS5_Li5EEENS1_IS5_Li4EEEE8sendHalfEh
 .text._ZN7HD44780IN6avrlib3pinINS0_5portbELi6EEENS1_IS2_Li5EEENS1_INS0_5porteELi3EEENS1_INS0_5portgELi5EEENS1_IS5_Li5EEENS1_IS5_Li4EEEE7commandEh
                0x0000000000000168       0x24 mylcd.o
                0x0000000000000168                _ZN7HD44780IN6avrlib3pinINS0_5portbELi6EEENS1_IS2_Li5EEENS1_INS0_5porteELi3EEENS1_INS0_5portgELi5EEENS1_IS5_Li5EEENS1_IS5_Li4EEEE7commandEh
 .text._ZN7HD44780IN6avrlib3pinINS0_5portbELi6EEENS1_IS2_Li5EEENS1_INS0_5porteELi3EEENS1_INS0_5portgELi5EEENS1_IS5_Li5EEENS1_IS5_Li4EEEE10initializeEv
                0x000000000000018c       0x8e mylcd.o
                0x000000000000018c                _ZN7HD44780IN6avrlib3pinINS0_5portbELi6EEENS1_IS2_Li5EEENS1_INS0_5porteELi3EEENS1_INS0_5portgELi5EEENS1_IS5_Li5EEENS1_IS5_Li4EEEE10initializeEv
 .text.startup  0x000000000000021a      0x1ac mylcd.o
                0x000000000000021a                main
 .text.libgcc.mul
                0x00000000000003c6        0x0 /usr/lib/gcc/avr/5.4.0/avr6/libgcc.a(_divmodhi4.o)
 .text.libgcc.div
                0x00000000000003c6       0x28 /usr/lib/gcc/avr/5.4.0/avr6/libgcc.a(_divmodhi4.o)
                0x00000000000003c6                __divmodhi4
                0x00000000000003c6                _div
 .text.libgcc   0x00000000000003ee        0x0 /usr/lib/gcc/avr/5.4.0/avr6/libgcc.a(_divmodhi4.o)
 .text.libgcc.prologue
                0x00000000000003ee        0x0 /usr/lib/gcc/avr/5.4.0/avr6/libgcc.a(_divmodhi4.o)
 .text.libgcc.builtins
                0x00000000000003ee        0x0 /usr/lib/gcc/avr/5.4.0/avr6/libgcc.a(_divmodhi4.o)
 .text.libgcc.fmul
                0x00000000000003ee        0x0 /usr/lib/gcc/avr/5.4.0/avr6/libgcc.a(_divmodhi4.o)
 .text.libgcc.fixed
                0x00000000000003ee        0x0 /usr/lib/gcc/avr/5.4.0/avr6/libgcc.a(_divmodhi4.o)
 .text.libgcc.mul
                0x00000000000003ee        0x0 /usr/lib/gcc/avr/5.4.0/avr6/libgcc.a(_exit.o)
 .text.libgcc.div
                0x00000000000003ee        0x0 /usr/lib/gcc/avr/5.4.0/avr6/libgcc.a(_exit.o)
 .text.libgcc   0x00000000000003ee        0x0 /usr/lib/gcc/avr/5.4.0/avr6/libgcc.a(_exit.o)
 .text.libgcc.prologue
                0x00000000000003ee        0x0 /usr/lib/gcc/avr/5.4.0/avr6/libgcc.a(_exit.o)
 .text.libgcc.builtins
                0x00000000000003ee        0x0 /usr/lib/gcc/avr/5.4.0/avr6/libgcc.a(_exit.o)
 .text.libgcc.fmul
                0x00000000000003ee        0x0 /usr/lib/gcc/avr/5.4.0/avr6/libgcc.a(_exit.o)
 .text.libgcc.fixed
                0x00000000000003ee        0x0 /usr/lib/gcc/avr/5.4.0/avr6/libgcc.a(_exit.o)
 .text.libgcc.mul
                0x00000000000003ee        0x0 /usr/lib/gcc/avr/5.4.0/avr6/libgcc.a(_copy_data.o)
 .text.libgcc.div
                0x00000000000003ee        0x0 /usr/lib/gcc/avr/5.4.0/avr6/libgcc.a(_copy_data.o)
 .text.libgcc   0x00000000000003ee        0x0 /usr/lib/gcc/avr/5.4.0/avr6/libgcc.a(_copy_data.o)
 .text.libgcc.prologue
                0x00000000000003ee        0x0 /usr/lib/gcc/avr/5.4.0/avr6/libgcc.a(_copy_data.o)
 .text.libgcc.builtins
                0x00000000000003ee        0x0 /usr/lib/gcc/avr/5.4.0/avr6/libgcc.a(_copy_data.o)
 .text.libgcc.fmul
                0x00000000000003ee        0x0 /usr/lib/gcc/avr/5.4.0/avr6/libgcc.a(_copy_data.o)
 .text.libgcc.fixed
                0x00000000000003ee        0x0 /usr/lib/gcc/avr/5.4.0/avr6/libgcc.a(_copy_data.o)
 .text.libgcc.mul
                0x00000000000003ee        0x0 /usr/lib/gcc/avr/5.4.0/avr6/libgcc.a(_udivmodhi4.o)
 .text.libgcc.div
                0x00000000000003ee       0x28 /usr/lib/gcc/avr/5.4.0/avr6/libgcc.a(_udivmodhi4.o)
                0x00000000000003ee                __udivmodhi4
 .text.libgcc   0x0000000000000416        0x0 /usr/lib/gcc/avr/5.4.0/avr6/libgcc.a(_udivmodhi4.o)
 .text.libgcc.prologue
                0x0000000000000416        0x0 /usr/lib/gcc/avr/5.4.0/avr6/libgcc.a(_udivmodhi4.o)
 .text.libgcc.builtins
                0x0000000000000416        0x0 /usr/lib/gcc/avr/5.4.0/avr6/libgcc.a(_udivmodhi4.o)
 .text.libgcc.fmul
                0x0000000000000416        0x0 /usr/lib/gcc/avr/5.4.0/avr6/libgcc.a(_udivmodhi4.o)
 .text.libgcc.fixed
                0x0000000000000416        0x0 /usr/lib/gcc/avr/5.4.0/avr6/libgcc.a(_udivmodhi4.o)
                0x0000000000000416                . = ALIGN (0x2)
 *(.fini9)
 .fini9         0x0000000000000416        0x0 /usr/lib/gcc/avr/5.4.0/avr6/libgcc.a(_exit.o)
                0x0000000000000416                exit
                0x0000000000000416                _exit
 *(.fini9)
 *(.fini8)
 *(.fini8)
 *(.fini7)
 *(.fini7)
 *(.fini6)
 *(.fini6)
 *(.fini5)
 *(.fini5)
 *(.fini4)
 *(.fini4)
 *(.fini3)
 *(.fini3)
 *(.fini2)
 *(.fini2)
 *(.fini1)
 *(.fini1)
 *(.fini0)
 .fini0         0x0000000000000416        0x4 /usr/lib/gcc/avr/5.4.0/avr6/libgcc.a(_exit.o)
 *(.fini0)
                0x000000000000041a                _etext = .

.data           0x0000000000800200        0x4 load address 0x000000000000041a
                0x0000000000800200                PROVIDE (__data_start, .)
 *(.data)
 .data          0x0000000000800200        0x0 /usr/lib/gcc/avr/5.4.0/../../../avr/lib/avr6/crtatmega2560.o
 .data          0x0000000000800200        0x4 mylcd.o
                0x0000000000800200                cnt2
                0x0000000000800202                cnt1
 .data          0x0000000000800204        0x0 /usr/lib/gcc/avr/5.4.0/avr6/libgcc.a(_divmodhi4.o)
 .data          0x0000000000800204        0x0 /usr/lib/gcc/avr/5.4.0/avr6/libgcc.a(_exit.o)
 .data          0x0000000000800204        0x0 /usr/lib/gcc/avr/5.4.0/avr6/libgcc.a(_copy_data.o)
 .data          0x0000000000800204        0x0 /usr/lib/gcc/avr/5.4.0/avr6/libgcc.a(_udivmodhi4.o)
 *(.data*)
 *(.rodata)
 *(.rodata*)
 *(.gnu.linkonce.d*)
                0x0000000000800204                . = ALIGN (0x2)
                0x0000000000800204                _edata = .
                0x0000000000800204                PROVIDE (__data_end, .)

.bss            0x0000000000800204        0x0
                [!provide]                        PROVIDE (__bss_start, .)
 *(.bss)
 .bss           0x0000000000800204        0x0 /usr/lib/gcc/avr/5.4.0/../../../avr/lib/avr6/crtatmega2560.o
 .bss           0x0000000000800204        0x0 mylcd.o
 .bss           0x0000000000800204        0x0 /usr/lib/gcc/avr/5.4.0/avr6/libgcc.a(_divmodhi4.o)
 .bss           0x0000000000800204        0x0 /usr/lib/gcc/avr/5.4.0/avr6/libgcc.a(_exit.o)
 .bss           0x0000000000800204        0x0 /usr/lib/gcc/avr/5.4.0/avr6/libgcc.a(_copy_data.o)
 .bss           0x0000000000800204        0x0 /usr/lib/gcc/avr/5.4.0/avr6/libgcc.a(_udivmodhi4.o)
 *(.bss*)
 *(COMMON)
                [!provide]                        PROVIDE (__bss_end, .)
                0x000000000000041a                __data_load_start = LOADADDR (.data)
                0x000000000000041e                __data_load_end = (__data_load_start + SIZEOF (.data))

.noinit         0x0000000000800204        0x0
                [!provide]                        PROVIDE (__noinit_start, .)
 *(.noinit*)
                [!provide]                        PROVIDE (__noinit_end, .)
                0x0000000000800204                _end = .
                [!provide]                        PROVIDE (__heap_start, .)

.eeprom         0x0000000000810000        0x0
 *(.eeprom*)
                0x0000000000810000                __eeprom_end = .

.fuse
 *(.fuse)
 *(.lfuse)
 *(.hfuse)
 *(.efuse)

.lock
 *(.lock*)

.signature
 *(.signature*)

.user_signatures
 *(.user_signatures*)

.stab
 *(.stab)

.stabstr
 *(.stabstr)

.stab.excl
 *(.stab.excl)

.stab.exclstr
 *(.stab.exclstr)

.stab.index
 *(.stab.index)

.stab.indexstr
 *(.stab.indexstr)

.comment        0x0000000000000000       0x11
 *(.comment)
 .comment       0x0000000000000000       0x11 mylcd.o
                                         0x12 (size before relaxing)

.note.gnu.avr.deviceinfo
                0x0000000000000000       0x40
 .note.gnu.avr.deviceinfo
                0x0000000000000000       0x40 /usr/lib/gcc/avr/5.4.0/../../../avr/lib/avr6/crtatmega2560.o

.note.gnu.build-id
 *(.note.gnu.build-id)

.debug
 *(.debug)

.line
 *(.line)

.debug_srcinfo
 *(.debug_srcinfo)

.debug_sfnames
 *(.debug_sfnames)

.debug_aranges  0x0000000000000000       0x48
 *(.debug_aranges)
 .debug_aranges
                0x0000000000000000       0x48 mylcd.o

.debug_pubnames
 *(.debug_pubnames)

.debug_info     0x0000000000000000     0x22cb
 *(.debug_info .gnu.linkonce.wi.*)
 .debug_info    0x0000000000000000      0xbbc /usr/lib/gcc/avr/5.4.0/../../../avr/lib/avr6/crtatmega2560.o
 .debug_info    0x0000000000000bbc     0x170f mylcd.o

.debug_abbrev   0x0000000000000000      0xe01
 *(.debug_abbrev)
 .debug_abbrev  0x0000000000000000      0xb1a /usr/lib/gcc/avr/5.4.0/../../../avr/lib/avr6/crtatmega2560.o
 .debug_abbrev  0x0000000000000b1a      0x2e7 mylcd.o

.debug_line     0x0000000000000000      0x3c4
 *(.debug_line .debug_line.* .debug_line_end)
 .debug_line    0x0000000000000000       0x1a /usr/lib/gcc/avr/5.4.0/../../../avr/lib/avr6/crtatmega2560.o
 .debug_line    0x000000000000001a      0x3aa mylcd.o

.debug_frame    0x0000000000000000       0x7c
 *(.debug_frame)
 .debug_frame   0x0000000000000000       0x7c mylcd.o

.debug_str      0x0000000000000000     0x1772
 *(.debug_str)
 .debug_str     0x0000000000000000      0x3e6 /usr/lib/gcc/avr/5.4.0/../../../avr/lib/avr6/crtatmega2560.o
 .debug_str     0x00000000000003e6     0x138c mylcd.o
                                       0x13cb (size before relaxing)

.debug_loc      0x0000000000000000      0x7d6
 *(.debug_loc)
 .debug_loc     0x0000000000000000      0x7d6 mylcd.o

.debug_macinfo
 *(.debug_macinfo)

.debug_weaknames
 *(.debug_weaknames)

.debug_funcnames
 *(.debug_funcnames)

.debug_typenames
 *(.debug_typenames)

.debug_varnames
 *(.debug_varnames)

.debug_pubtypes
 *(.debug_pubtypes)

.debug_ranges   0x0000000000000000       0x38
 *(.debug_ranges)
 .debug_ranges  0x0000000000000000       0x38 mylcd.o

.debug_macro
 *(.debug_macro)
OUTPUT(mylcd.elf elf32-avr)
LOAD linker stubs

Tablica wzajemnych odniesień

Symbol                                            Plik
_Z11delay100us8h                                  mylcd.o
_ZN6avrlib3pinINS_5portbELi7EE3setEb              mylcd.o
_ZN7HD44780IN6avrlib3pinINS0_5portbELi6EEENS1_IS2_Li5EEENS1_INS0_5porteELi3EEENS1_INS0_5portgELi5EEENS1_IS5_Li5EEENS1_IS5_Li4EEEE10initializeEv mylcd.o
_ZN7HD44780IN6avrlib3pinINS0_5portbELi6EEENS1_IS2_Li5EEENS1_INS0_5porteELi3EEENS1_INS0_5portgELi5EEENS1_IS5_Li5EEENS1_IS5_Li4EEEE7commandEh mylcd.o
_ZN7HD44780IN6avrlib3pinINS0_5portbELi6EEENS1_IS2_Li5EEENS1_INS0_5porteELi3EEENS1_INS0_5portgELi5EEENS1_IS5_Li5EEENS1_IS5_Li4EEEE8sendHalfEh mylcd.o
__FUSE_REGION_LENGTH__                            /usr/lib/gcc/avr/5.4.0/../../../avr/lib/avr6/crtatmega2560.o
__bad_interrupt                                   /usr/lib/gcc/avr/5.4.0/../../../avr/lib/avr6/crtatmega2560.o
__data_end                                        /usr/lib/gcc/avr/5.4.0/avr6/libgcc.a(_copy_data.o)
__data_load_start                                 /usr/lib/gcc/avr/5.4.0/avr6/libgcc.a(_copy_data.o)
__data_start                                      /usr/lib/gcc/avr/5.4.0/avr6/libgcc.a(_copy_data.o)
__divmodhi4                                       /usr/lib/gcc/avr/5.4.0/avr6/libgcc.a(_divmodhi4.o)
                                                  mylcd.o
__do_copy_data                                    /usr/lib/gcc/avr/5.4.0/avr6/libgcc.a(_copy_data.o)
                                                  mylcd.o
__heap_end                                        /usr/lib/gcc/avr/5.4.0/../../../avr/lib/avr6/crtatmega2560.o
__init                                            /usr/lib/gcc/avr/5.4.0/../../../avr/lib/avr6/crtatmega2560.o
__stack                                           /usr/lib/gcc/avr/5.4.0/../../../avr/lib/avr6/crtatmega2560.o
__udivmodhi4                                      /usr/lib/gcc/avr/5.4.0/avr6/libgcc.a(_udivmodhi4.o)
                                                  /usr/lib/gcc/avr/5.4.0/avr6/libgcc.a(_divmodhi4.o)
__vector_1                                        /usr/lib/gcc/avr/5.4.0/../../../avr/lib/avr6/crtatmega2560.o
__vector_10                                       /usr/lib/gcc/avr/5.4.0/../../../avr/lib/avr6/crtatmega2560.o
__vector_11                                       /usr/lib/gcc/avr/5.4.0/../../../avr/lib/avr6/crtatmega2560.o
__vector_12                                       /usr/lib/gcc/avr/5.4.0/../../../avr/lib/avr6/crtatmega2560.o
__vector_13                                       /usr/lib/gcc/avr/5.4.0/../../../avr/lib/avr6/crtatmega2560.o
__vector_14                                       /usr/lib/gcc/avr/5.4.0/../../../avr/lib/avr6/crtatmega2560.o
__vector_15                                       /usr/lib/gcc/avr/5.4.0/../../../avr/lib/avr6/crtatmega2560.o
__vector_16                                       /usr/lib/gcc/avr/5.4.0/../../../avr/lib/avr6/crtatmega2560.o
__vector_17                                       /usr/lib/gcc/avr/5.4.0/../../../avr/lib/avr6/crtatmega2560.o
__vector_18                                       /usr/lib/gcc/avr/5.4.0/../../../avr/lib/avr6/crtatmega2560.o
__vector_19                                       /usr/lib/gcc/avr/5.4.0/../../../avr/lib/avr6/crtatmega2560.o
__vector_2                                        /usr/lib/gcc/avr/5.4.0/../../../avr/lib/avr6/crtatmega2560.o
__vector_20                                       /usr/lib/gcc/avr/5.4.0/../../../avr/lib/avr6/crtatmega2560.o
__vector_21                                       /usr/lib/gcc/avr/5.4.0/../../../avr/lib/avr6/crtatmega2560.o
__vector_22                                       /usr/lib/gcc/avr/5.4.0/../../../avr/lib/avr6/crtatmega2560.o
__vector_23                                       /usr/lib/gcc/avr/5.4.0/../../../avr/lib/avr6/crtatmega2560.o
__vector_24                                       /usr/lib/gcc/avr/5.4.0/../../../avr/lib/avr6/crtatmega2560.o
__vector_25                                       /usr/lib/gcc/avr/5.4.0/../../../avr/lib/avr6/crtatmega2560.o
__vector_26                                       /usr/lib/gcc/avr/5.4.0/../../../avr/lib/avr6/crtatmega2560.o
__vector_27                                       /usr/lib/gcc/avr/5.4.0/../../../avr/lib/avr6/crtatmega2560.o
__vector_28                                       /usr/lib/gcc/avr/5.4.0/../../../avr/lib/avr6/crtatmega2560.o
__vector_29                                       /usr/lib/gcc/avr/5.4.0/../../../avr/lib/avr6/crtatmega2560.o
__vector_3                                        /usr/lib/gcc/avr/5.4.0/../../../avr/lib/avr6/crtatmega2560.o
__vector_30                                       /usr/lib/gcc/avr/5.4.0/../../../avr/lib/avr6/crtatmega2560.o
__vector_31                                       /usr/lib/gcc/avr/5.4.0/../../../avr/lib/avr6/crtatmega2560.o
__vector_32                                       /usr/lib/gcc/avr/5.4.0/../../../avr/lib/avr6/crtatmega2560.o
__vector_33                                       /usr/lib/gcc/avr/5.4.0/../../../avr/lib/avr6/crtatmega2560.o
__vector_34                                       /usr/lib/gcc/avr/5.4.0/../../../avr/lib/avr6/crtatmega2560.o
__vector_35                                       /usr/lib/gcc/avr/5.4.0/../../../avr/lib/avr6/crtatmega2560.o
__vector_36                                       /usr/lib/gcc/avr/5.4.0/../../../avr/lib/avr6/crtatmega2560.o
__vector_37                                       /usr/lib/gcc/avr/5.4.0/../../../avr/lib/avr6/crtatmega2560.o
__vector_38                                       /usr/lib/gcc/avr/5.4.0/../../../avr/lib/avr6/crtatmega2560.o
__vector_39                                       /usr/lib/gcc/avr/5.4.0/../../../avr/lib/avr6/crtatmega2560.o
__vector_4                                        /usr/lib/gcc/avr/5.4.0/../../../avr/lib/avr6/crtatmega2560.o
__vector_40                                       /usr/lib/gcc/avr/5.4.0/../../../avr/lib/avr6/crtatmega2560.o
__vector_41                                       /usr/lib/gcc/avr/5.4.0/../../../avr/lib/avr6/crtatmega2560.o
__vector_42                                       /usr/lib/gcc/avr/5.4.0/../../../avr/lib/avr6/crtatmega2560.o
__vector_43                                       /usr/lib/gcc/avr/5.4.0/../../../avr/lib/avr6/crtatmega2560.o
__vector_44                                       /usr/lib/gcc/avr/5.4.0/../../../avr/lib/avr6/crtatmega2560.o
__vector_45                                       /usr/lib/gcc/avr/5.4.0/../../../avr/lib/avr6/crtatmega2560.o
__vector_46                                       /usr/lib/gcc/avr/5.4.0/../../../avr/lib/avr6/crtatmega2560.o
__vector_47                                       /usr/lib/gcc/avr/5.4.0/../../../avr/lib/avr6/crtatmega2560.o
__vector_48                                       /usr/lib/gcc/avr/5.4.0/../../../avr/lib/avr6/crtatmega2560.o
__vector_49                                       /usr/lib/gcc/avr/5.4.0/../../../avr/lib/avr6/crtatmega2560.o
__vector_5                                        /usr/lib/gcc/avr/5.4.0/../../../avr/lib/avr6/crtatmega2560.o
__vector_50                                       /usr/lib/gcc/avr/5.4.0/../../../avr/lib/avr6/crtatmega2560.o
__vector_51                                       /usr/lib/gcc/avr/5.4.0/../../../avr/lib/avr6/crtatmega2560.o
__vector_52                                       /usr/lib/gcc/avr/5.4.0/../../../avr/lib/avr6/crtatmega2560.o
__vector_53                                       /usr/lib/gcc/avr/5.4.0/../../../avr/lib/avr6/crtatmega2560.o
__vector_54                                       /usr/lib/gcc/avr/5.4.0/../../../avr/lib/avr6/crtatmega2560.o
__vector_55                                       /usr/lib/gcc/avr/5.4.0/../../../avr/lib/avr6/crtatmega2560.o
__vector_56                                       /usr/lib/gcc/avr/5.4.0/../../../avr/lib/avr6/crtatmega2560.o
__vector_6                                        /usr/lib/gcc/avr/5.4.0/../../../avr/lib/avr6/crtatmega2560.o
__vector_7                                        /usr/lib/gcc/avr/5.4.0/../../../avr/lib/avr6/crtatmega2560.o
__vector_8                                        /usr/lib/gcc/avr/5.4.0/../../../avr/lib/avr6/crtatmega2560.o
__vector_9                                        /usr/lib/gcc/avr/5.4.0/../../../avr/lib/avr6/crtatmega2560.o
__vector_default                                  /usr/lib/gcc/avr/5.4.0/../../../avr/lib/avr6/crtatmega2560.o
__vectors                                         /usr/lib/gcc/avr/5.4.0/../../../avr/lib/avr6/crtatmega2560.o
_div                                              /usr/lib/gcc/avr/5.4.0/avr6/libgcc.a(_divmodhi4.o)
_exit                                             /usr/lib/gcc/avr/5.4.0/avr6/libgcc.a(_exit.o)
cnt1                                              mylcd.o
cnt2                                              mylcd.o
exit                                              /usr/lib/gcc/avr/5.4.0/avr6/libgcc.a(_exit.o)
                                                  /usr/lib/gcc/avr/5.4.0/../../../avr/lib/avr6/crtatmega2560.o
main                                              mylcd.o
                                                  /usr/lib/gcc/avr/5.4.0/../../../avr/lib/avr6/crtatmega2560.o
